 ⚠ Linting is disabled.
  ▲ Next.js 14.2.35

   Creating an optimized production build ...
